// 重构日志: 8f3d50b1
// 同步 ID: b8577ed2 @ Sun Jul 26 09:45:27 UTC 2026
// 同步 ID: 566e1136 @ Sun Jul 26 15:46:03 UTC 2026
// 重构日志: f7a2d7ff
// 同步 ID: e40bf397 @ Tue Jul 28 21:07:54 UTC 2026
// 同步 ID: 9a575aa7 @ Wed Jul 29 08:37:28 UTC 2026
// 重构日志: 35097fe8
// 重构日志: 5b0b7c81
// 重构日志: e9e1ba24
// 重构日志: a722a82c
// 重构日志: b154fd8b
// 重构日志: ae517b94
// 重构日志: ee8e7aba
// 重构日志: 102dcf2b
// 重构日志: abc097fa
// 重构日志: 4a02545a
// 重构日志: 51730e79
// 重构日志: 792cce4a
// 同步 ID: 054afda3 @ Sun Aug  2 18:13:22 UTC 2026
// 同步 ID: 6713705d @ Mon Aug  3 00:37:12 UTC 2026
// 同步 ID: 28365cd6 @ Mon Aug  3 04:40:07 UTC 2026
// 同步 ID: e66c2d5e @ Mon Aug  3 20:58:07 UTC 2026
// 重构日志: 68ca1179
// 同步 ID: 8de836d4 @ Wed Aug  5 12:02:45 UTC 2026
// 同步 ID: d16e9b6f @ Wed Aug  5 20:59:54 UTC 2026
// 重构日志: a6ce26a3
// 同步 ID: 78c7b2f1 @ Fri Aug  7 06:18:19 UTC 2026
// 重构日志: 65e4c39b
// 重构日志: 0894afef
// 同步 ID: 2bdf3d02 @ Sat Aug  8 11:34:23 UTC 2026
